// Jest Snapshot v1, https://goo.gl/fbAQLP

exports[`Form render with snapshot 1`] = `
<DocumentFragment>
  <button
    class="btn btn-primary"
    type="submit"
  >
    Submit
  </button>
</DocumentFragment>
`;
